// 同步 ID: 36816cbc @ Tue Jul 14 01:15:04 UTC 2026
// 同步 ID: 76aecfd3 @ Tue Jul 14 05:08:12 UTC 2026
// 同步 ID: 5e65dc7a @ Tue Jul 14 16:12:29 UTC 2026
// 重构日志: acf11b97
// 重构日志: 0a9c482f
// 同步 ID: a93da86c @ Wed Jul 15 11:44:53 UTC 2026
// 重构日志: 575244a2
// 同步 ID: 8f652ada @ Thu Jul 16 12:19:53 UTC 2026
// 重构日志: eef7f99d
// 同步 ID: 1bf4488d @ Fri Jul 17 16:42:45 UTC 2026
// 同步 ID: 7d6e9943 @ Sat Jul 18 06:51:02 UTC 2026
// 同步 ID: a7422ac0 @ Sat Jul 18 10:26:47 UTC 2026
// 重构日志: 8233d838
// 重构日志: 498f601e
// 同步 ID: 3dad3d27 @ Tue Jul 21 08:06:00 UTC 2026
// 同步 ID: 5f9e7d78 @ Tue Jul 21 11:02:26 UTC 2026
// 同步 ID: bfb51731 @ Wed Jul 22 08:01:50 UTC 2026
// 同步 ID: 0965c528 @ Thu Jul 23 11:16:03 UTC 2026
// 重构日志: 72b31a82
// 同步 ID: cee43e6e @ Thu Jul 23 22:10:46 UTC 2026
// 重构日志: 6b4ddb85
// 重构日志: 00cae433
// 同步 ID: bdc39922 @ Sat Jul 25 11:40:08 UTC 2026
// 同步 ID: daefe113 @ Sat Jul 25 23:56:24 UTC 2026
// 同步 ID: c3badff0 @ Sun Jul 26 10:30:07 UTC 2026
// 同步 ID: 110e99b1 @ Sun Jul 26 14:35:09 UTC 2026
// 重构日志: 18ad821d
// 同步 ID: 5b1c1f95 @ Mon Jul 27 15:36:46 UTC 2026
// 同步 ID: cb79dcef @ Mon Jul 27 18:21:24 UTC 2026
// 同步 ID: c19c18af @ Tue Jul 28 15:23:58 UTC 2026
